// Jest Snapshot v1, https://goo.gl/fbAQLP

exports[`Card should match a snapshot 1`] = `
ShallowWrapper {
  "length": 1,
  Symbol(enzyme.__root__): [Circular],
  Symbol(enzyme.__unrendered__): <Card
    district={
        Object {
            "location": "turing",
            "stats": Object {
              "2007": 0.313,
            },
          }
    }
/>,
  Symbol(enzyme.__renderer__): Object {
    "batchedUpdates": [Function],
    "getNode": [Function],
    "render": [Function],
    "simulateEvent": [Function],
    "unmount": [Function],
  },
  Symbol(enzyme.__node__): Object {
    "instance": null,
    "key": undefined,
    "nodeType": "host",
    "props": Object {
      "children": Array [
        <h5
          className="district"
>
          turing
</h5>,
        <ul>
          <li
                    className="low"
          >
                     
                    <span
                              className="year"
                    >
                              2007
                    </span>
                    <span
                              className="percent"
                    >
                              0.313
                    </span>
          </li>
</ul>,
      ],
      "className": "card",
    },
    "ref": null,
    "rendered": Array [
      Object {
        "instance": null,
        "key": undefined,
        "nodeType": "host",
        "props": Object {
          "children": "turing",
          "className": "district",
        },
        "ref": null,
        "rendered": "turing",
        "type": "h5",
      },
      Object {
        "instance": null,
        "key": undefined,
        "nodeType": "host",
        "props": Object {
          "children": Array [
            <li
              className="low"
>
               
              <span
                            className="year"
              >
                            2007
              </span>
              <span
                            className="percent"
              >
                            0.313
              </span>
</li>,
          ],
        },
        "ref": null,
        "rendered": Array [
          Object {
            "instance": null,
            "key": "2007",
            "nodeType": "host",
            "props": Object {
              "children": Array [
                " ",
                <span
                  className="year"
>
                  2007
</span>,
                <span
                  className="percent"
>
                  0.313
</span>,
              ],
              "className": "low",
            },
            "ref": null,
            "rendered": Array [
              " ",
              Object {
                "instance": null,
                "key": undefined,
                "nodeType": "host",
                "props": Object {
                  "children": "2007",
                  "className": "year",
                },
                "ref": null,
                "rendered": "2007",
                "type": "span",
              },
              Object {
                "instance": null,
                "key": undefined,
                "nodeType": "host",
                "props": Object {
                  "children": 0.313,
                  "className": "percent",
                },
                "ref": null,
                "rendered": 0.313,
                "type": "span",
              },
            ],
            "type": "li",
          },
        ],
        "type": "ul",
      },
    ],
    "type": "div",
  },
  Symbol(enzyme.__nodes__): Array [
    Object {
      "instance": null,
      "key": undefined,
      "nodeType": "host",
      "props": Object {
        "children": Array [
          <h5
            className="district"
>
            turing
</h5>,
          <ul>
            <li
                        className="low"
            >
                         
                        <span
                                    className="year"
                        >
                                    2007
                        </span>
                        <span
                                    className="percent"
                        >
                                    0.313
                        </span>
            </li>
</ul>,
        ],
        "className": "card",
      },
      "ref": null,
      "rendered": Array [
        Object {
          "instance": null,
          "key": undefined,
          "nodeType": "host",
          "props": Object {
            "children": "turing",
            "className": "district",
          },
          "ref": null,
          "rendered": "turing",
          "type": "h5",
        },
        Object {
          "instance": null,
          "key": undefined,
          "nodeType": "host",
          "props": Object {
            "children": Array [
              <li
                className="low"
>
                 
                <span
                                className="year"
                >
                                2007
                </span>
                <span
                                className="percent"
                >
                                0.313
                </span>
</li>,
            ],
          },
          "ref": null,
          "rendered": Array [
            Object {
              "instance": null,
              "key": "2007",
              "nodeType": "host",
              "props": Object {
                "children": Array [
                  " ",
                  <span
                    className="year"
>
                    2007
</span>,
                  <span
                    className="percent"
>
                    0.313
</span>,
                ],
                "className": "low",
              },
              "ref": null,
              "rendered": Array [
                " ",
                Object {
                  "instance": null,
                  "key": undefined,
                  "nodeType": "host",
                  "props": Object {
                    "children": "2007",
                    "className": "year",
                  },
                  "ref": null,
                  "rendered": "2007",
                  "type": "span",
                },
                Object {
                  "instance": null,
                  "key": undefined,
                  "nodeType": "host",
                  "props": Object {
                    "children": 0.313,
                    "className": "percent",
                  },
                  "ref": null,
                  "rendered": 0.313,
                  "type": "span",
                },
              ],
              "type": "li",
            },
          ],
          "type": "ul",
        },
      ],
      "type": "div",
    },
  ],
  Symbol(enzyme.__options__): Object {
    "adapter": ReactSixteenAdapter {
      "options": Object {
        "enableComponentDidUpdateOnSetState": true,
      },
    },
  },
}
`;
